00:00 +0: loading D:/FishApp/fiashapp/test/widget_test.dart
00:00 +0: (setUpAll)
00:00 +0: GameScreen interaction tests Tap on game area triggers hook animation
Pending timers:
Timer (duration: 0:00:00.300000, periodic: false), created:
#0      new FakeTimer._ (package:fake_async/fake_async.dart:342:62)
#1      FakeAsync._createTimer (package:fake_async/fake_async.dart:260:29)
#2      FakeAsync.run.<anonymous closure> (package:fake_async/fake_async.dart:185:15)
#6      GameViewModel.catchFish (package:fiashapp/viewmodels/game_viewmodel.dart:166:12)
#7      _GameScreenState.build.<anonymous closure>.<anonymous closure> (package:fiashapp/views/game_screen.dart:54:35)
#8      TapGestureRecognizer.handleTapDown.<anonymous closure> (package:flutter/src/gestures/tap.dart:730:61)
#9      GestureRecognizer.invokeCallback (package:flutter/src/gestures/recognizer.dart:345:24)
#10     TapGestureRecognizer.handleTapDown (package:flutter/src/gestures/tap.dart:730:11)
#11     BaseTapGestureRecognizer._checkDown (package:flutter/src/gestures/tap.dart:374:5)
#12     BaseTapGestureRecognizer.acceptGesture (package:flutter/src/gestures/tap.dart:351:7)
#13     GestureArenaManager._resolveByDefault (package:flutter/src/gestures/arena.dart:275:25)
#14     GestureArenaManager._tryToResolveArena.<anonymous closure> (package:flutter/src/gestures/arena.dart:255:31)
#24     FakeAsync.run.<anonymous closure>.<anonymous closure> (package:fake_async/fake_async.dart:189:18)
#25     FakeAsync.flushMicrotasks (package:fake_async/fake_async.dart:200:32)
#26     AutomatedTestWidgetsFlutterBinding.runTest.<anonymous closure> (package:flutter_test/src/binding.dart:1581:17)
(elided 27 frames from dart:async and package:stack_trace)

тХРтХРтХб EXCEPTION CAUGHT BY FLUTTER TEST FRAMEWORK тХЮтХРтХРтХРтХРтХРтХРтХРтХРтХРтХРтХРтХРтХРтХРтХРтХРтХРтХРтХРтХРтХРтХРтХРтХРтХРтХРтХРтХРтХРтХРтХРтХРтХРтХРтХРтХРтХРтХРтХРтХРтХРтХРтХРтХРтХРтХРтХРтХРтХРтХРтХРтХР
The following assertion was thrown running a test:
A Timer is still pending even after the widget tree was disposed.
'package:flutter_test/src/binding.dart':
Failed assertion: line 1617 pos 12: '!timersPending'

When the exception was thrown, this was the stack:
#2      AutomatedTestWidgetsFlutterBinding._verifyInvariants (package:flutter_test/src/binding.dart:1617:12)
#3      TestWidgetsFlutterBinding._runTestBody (package:flutter_test/src/binding.dart:1078:7)
<asynchronous suspension>
<asynchronous suspension>
(elided 3 frames from class _AssertionError and package:stack_trace)

The test description was:
  Tap on game area triggers hook animation
тХРтХРтХРтХРтХРтХРтХРтХРтХРтХРтХРтХРтХРтХРтХРтХРтХРтХРтХРтХРтХРтХРтХРтХРтХРтХРтХРтХРтХРтХРтХРтХРтХРтХРтХРтХРтХРтХРтХРтХРтХРтХРтХРтХРтХРтХРтХРтХРтХРтХРтХРтХРтХРтХРтХРтХРтХРтХРтХРтХРтХРтХРтХРтХРтХРтХРтХРтХРтХРтХРтХРтХРтХРтХРтХРтХРтХРтХРтХРтХРтХРтХРтХРтХРтХРтХРтХРтХРтХРтХРтХРтХРтХРтХРтХРтХРтХРтХРтХРтХР
00:00 +0 -1: GameScreen interaction tests Tap on game area triggers hook animation [E]
  Test failed. See exception logs above.
  The test description was: Tap on game area triggers hook animation
  
00:00 +0 -1: (tearDownAll)
00:00 +0 -1: Some tests failed.
